
> konecta-frontend@1.0.0 test
> react-scripts test

node.exe : (node:13740) [DEP0040] DeprecationWarning: The `punycode` module is deprecated. Please use a userland alternative 
instead.
At C:\Program Files\nodejs\npm.ps1:29 char:3
+   & $NODE_EXE $NPM_CLI_JS $args
+   ~~~~~~~~~~~~~~~~~~~~~~~~~~~~~
    + CategoryInfo          : NotSpecified: ((node:13740) [D...native instead.:String) [], RemoteException
    + FullyQualifiedErrorId : NativeCommandError
 
(Use `node --trace-deprecation ...` to show where the warning was created)
(node:27376) [DEP0040] DeprecationWarning: The `punycode` module is deprecated. Please use a userland alternative instead.
(Use `node --trace-deprecation ...` to show where the warning was created)
(node:4520) [DEP0040] DeprecationWarning: The `punycode` module is deprecated. Please use a userland alternative instead.
(Use `node --trace-deprecation ...` to show where the warning was created)
PASS src/tests/listas-tablas.test.js (5.175 s)
  ÔùÅ Console

    console.error
      Warning: `ReactDOMTestUtils.act` is deprecated in favor of `React.act`. Import `act` from `react` instead of 
`react-dom/test-utils`. See https://react.dev/warnings/react-dom-test-utils for more info.

    [0m [90m 30 |[39m     )[33m;[39m
     [90m 31 |[39m
    [31m[1m>[22m[39m[90m 32 |[39m     render([33m<[39m[33mTestList[39m [33m/[39m[33m>[39m)[33m;[39m
     [90m    |[39m           [31m[1m^[22m[39m
     [90m 33 |[39m
     [90m 34 |[39m     expect(screen[33m.[39mgetByText([32m"Item 1"[39m))[33m.[39mtoBeInTheDocument()[33m;[39m
     [90m 35 |[39m     expect(screen[33m.[39mgetByText([32m"Item 2"[39m))[33m.[39mtoBeInTheDocument()[33m;[39m[0m

      at printWarning (node_modules/react-dom/cjs/react-dom-test-utils.development.js:71:30)
      at error (node_modules/react-dom/cjs/react-dom-test-utils.development.js:45:7)
      at actWithWarning (node_modules/react-dom/cjs/react-dom-test-utils.development.js:1736:7)
      at node_modules/@testing-library/react/dist/act-compat.js:63:25
      at renderRoot (node_modules/@testing-library/react/dist/pure.js:159:26)
      at render (node_modules/@testing-library/react/dist/pure.js:246:10)
      at Object.<anonymous> (src/tests/listas-tablas.test.js:32:11)

FAIL src/tests/funcionalidad-basica.test.js (10.816 s)
  ÔùÅ Console

    console.error
      Warning: `ReactDOMTestUtils.act` is deprecated in favor of `React.act`. Import `act` from `react` instead of 
`react-dom/test-utils`. See https://react.dev/warnings/react-dom-test-utils for more info.

    [0m [90m 25 |[39m       }[33m;[39m
     [90m 26 |[39m
    [31m[1m>[22m[39m[90m 27 |[39m       render([33m<[39m[33mTestInput[39m [33m/[39m[33m>[39m)[33m;[39m
     [90m    |[39m             [31m[1m^[22m[39m
     [90m 28 |[39m
     [90m 29 |[39m       [36mconst[39m input [33m=[39m screen[33m.[39mgetByTestId([32m"test-input"[39m)[33m;[39m
     [90m 30 |[39m       fireEvent[33m.[39mchange(input[33m,[39m { target[33m:[39m { value[33m:[39m [32m"test 
value"[39m } })[33m;[39m[0m

      at printWarning (node_modules/react-dom/cjs/react-dom-test-utils.development.js:71:30)
      at error (node_modules/react-dom/cjs/react-dom-test-utils.development.js:45:7)
      at actWithWarning (node_modules/react-dom/cjs/react-dom-test-utils.development.js:1736:7)
      at node_modules/@testing-library/react/dist/act-compat.js:63:25
